#!/bin/sh
# -*- shell-script -*-
#
# Copyright 2004-2012 Bob Friesenhahn <bfriesen@simple.dallas.tx.us>
#
# This file is part of Magick++, the C++ API for GraphicsMagick and
# ImageMagick.  Please see the file "COPYING" included with Magick++
# for usage and copying restrictions.
#
SRCDIR=`dirname $0`
SRCDIR=`cd $SRCDIR && pwd`/
TOPSRCDIR=`cd $srcdir && pwd`
export SRCDIR
. ${TOPSRCDIR}/scripts/tap-functions.shi

# Number of tests we plan to run
test_plan_fn 24

cd Magick++/demo || exit 1

test_command_fn "analyze" ${MEMCHECK} ./analyze "$SRCDIR/model.miff"
test_command_fn "button" ${MEMCHECK} ./button
test_command_fn "demo" ${MEMCHECK} ./demo
#test_command_fn "detrans" ${MEMCHECK} ./detrans background_color file
test_command_fn "flip" ${MEMCHECK} ./flip
test_command_fn "gravity" ${MEMCHECK} ./gravity
test_command_fn "piddle" ${MEMCHECK} ./piddle
test_command_fn "shapes" ${MEMCHECK} ./shapes
for filter in bessel blackman box catrom cubic gaussian hamming hanning hermite lanczos mitchell point quadratic sample scale sinc triangle
do
    test_command_fn "zoom ${filter}" ${MEMCHECK} ./zoom -filter $filter -geometry 600x600 ${SRCDIR}/model.miff  ${executable}_${filter}_out.miff
done
:
